Archive member included to satisfy reference by file (symbol)

C:/ST/STM32CubeIDE_1.13.2/STM32CubeIDE/plugins/com.st.stm32cube.ide.mcu.externaltools.gnu-tools-for-stm32.11.3.rel1.win32_1.1.100.202309141235/tools/bin/../lib/gcc/arm-none-eabi/11.3.1/../../../../arm-none-eabi/lib/thumb/v7e-m+fp/hard\libc_nano.a(libc_a-exit.o)
                              C:/ST/STM32CubeIDE_1.13.2/STM32CubeIDE/plugins/com.st.stm32cube.ide.mcu.externaltools.gnu-tools-for-stm32.11.3.rel1.win32_1.1.100.202309141235/tools/bin/../lib/gcc/arm-none-eabi/11.3.1/../../../../arm-none-eabi/lib/thumb/v7e-m+fp/hard/crt0.o (exit)
C:/ST/STM32CubeIDE_1.13.2/STM32CubeIDE/plugins/com.st.stm32cube.ide.mcu.externaltools.gnu-tools-for-stm32.11.3.rel1.win32_1.1.100.202309141235/tools/bin/../lib/gcc/arm-none-eabi/11.3.1/../../../../arm-none-eabi/lib/thumb/v7e-m+fp/hard\libc_nano.a(libc_a-findfp.o)
                              C:/ST/STM32CubeIDE_1.13.2/STM32CubeIDE/plugins/com.st.stm32cube.ide.mcu.externaltools.gnu-tools-for-stm32.11.3.rel1.win32_1.1.100.202309141235/tools/bin/../lib/gcc/arm-none-eabi/11.3.1/../../../../arm-none-eabi/lib/thumb/v7e-m+fp/hard\libc_nano.a(libc_a-exit.o) (__stdio_exit_handler)
C:/ST/STM32CubeIDE_1.13.2/STM32CubeIDE/plugins/com.st.stm32cube.ide.mcu.externaltools.gnu-tools-for-stm32.11.3.rel1.win32_1.1.100.202309141235/tools/bin/../lib/gcc/arm-none-eabi/11.3.1/../../../../arm-none-eabi/lib/thumb/v7e-m+fp/hard\libc_nano.a(libc_a-fwalk.o)
                              C:/ST/STM32CubeIDE_1.13.2/STM32CubeIDE/plugins/com.st.stm32cube.ide.mcu.externaltools.gnu-tools-for-stm32.11.3.rel1.win32_1.1.100.202309141235/tools/bin/../lib/gcc/arm-none-eabi/11.3.1/../../../../arm-none-eabi/lib/thumb/v7e-m+fp/hard\libc_nano.a(libc_a-findfp.o) (_fwalk_sglue)
C:/ST/STM32CubeIDE_1.13.2/STM32CubeIDE/plugins/com.st.stm32cube.ide.mcu.externaltools.gnu-tools-for-stm32.11.3.rel1.win32_1.1.100.202309141235/tools/bin/../lib/gcc/arm-none-eabi/11.3.1/../../../../arm-none-eabi/lib/thumb/v7e-m+fp/hard\libc_nano.a(libc_a-stdio.o)
                              C:/ST/STM32CubeIDE_1.13.2/STM32CubeIDE/plugins/com.st.stm32cube.ide.mcu.externaltools.gnu-tools-for-stm32.11.3.rel1.win32_1.1.100.202309141235/tools/bin/../lib/gcc/arm-none-eabi/11.3.1/../../../../arm-none-eabi/lib/thumb/v7e-m+fp/hard\libc_nano.a(libc_a-findfp.o) (__sread)
C:/ST/STM32CubeIDE_1.13.2/STM32CubeIDE/plugins/com.st.stm32cube.ide.mcu.externaltools.gnu-tools-for-stm32.11.3.rel1.win32_1.1.100.202309141235/tools/bin/../lib/gcc/arm-none-eabi/11.3.1/../../../../arm-none-eabi/lib/thumb/v7e-m+fp/hard\libc_nano.a(libc_a-memset.o)
                              C:/ST/STM32CubeIDE_1.13.2/STM32CubeIDE/plugins/com.st.stm32cube.ide.mcu.externaltools.gnu-tools-for-stm32.11.3.rel1.win32_1.1.100.202309141235/tools/bin/../lib/gcc/arm-none-eabi/11.3.1/../../../../arm-none-eabi/lib/thumb/v7e-m+fp/hard/crt0.o (memset)
C:/ST/STM32CubeIDE_1.13.2/STM32CubeIDE/plugins/com.st.stm32cube.ide.mcu.externaltools.gnu-tools-for-stm32.11.3.rel1.win32_1.1.100.202309141235/tools/bin/../lib/gcc/arm-none-eabi/11.3.1/../../../../arm-none-eabi/lib/thumb/v7e-m+fp/hard\libc_nano.a(libc_a-closer.o)
                              C:/ST/STM32CubeIDE_1.13.2/STM32CubeIDE/plugins/com.st.stm32cube.ide.mcu.externaltools.gnu-tools-for-stm32.11.3.rel1.win32_1.1.100.202309141235/tools/bin/../lib/gcc/arm-none-eabi/11.3.1/../../../../arm-none-eabi/lib/thumb/v7e-m+fp/hard\libc_nano.a(libc_a-stdio.o) (_close_r)
C:/ST/STM32CubeIDE_1.13.2/STM32CubeIDE/plugins/com.st.stm32cube.ide.mcu.externaltools.gnu-tools-for-stm32.11.3.rel1.win32_1.1.100.202309141235/tools/bin/../lib/gcc/arm-none-eabi/11.3.1/../../../../arm-none-eabi/lib/thumb/v7e-m+fp/hard\libc_nano.a(libc_a-reent.o)
                              C:/ST/STM32CubeIDE_1.13.2/STM32CubeIDE/plugins/com.st.stm32cube.ide.mcu.externaltools.gnu-tools-for-stm32.11.3.rel1.win32_1.1.100.202309141235/tools/bin/../lib/gcc/arm-none-eabi/11.3.1/../../../../arm-none-eabi/lib/thumb/v7e-m+fp/hard\libc_nano.a(libc_a-closer.o) (errno)
C:/ST/STM32CubeIDE_1.13.2/STM32CubeIDE/plugins/com.st.stm32cube.ide.mcu.externaltools.gnu-tools-for-stm32.11.3.rel1.win32_1.1.100.202309141235/tools/bin/../lib/gcc/arm-none-eabi/11.3.1/../../../../arm-none-eabi/lib/thumb/v7e-m+fp/hard\libc_nano.a(libc_a-impure.o)
                              C:/ST/STM32CubeIDE_1.13.2/STM32CubeIDE/plugins/com.st.stm32cube.ide.mcu.externaltools.gnu-tools-for-stm32.11.3.rel1.win32_1.1.100.202309141235/tools/bin/../lib/gcc/arm-none-eabi/11.3.1/../../../../arm-none-eabi/lib/thumb/v7e-m+fp/hard\libc_nano.a(libc_a-reent.o) (_impure_ptr)
C:/ST/STM32CubeIDE_1.13.2/STM32CubeIDE/plugins/com.st.stm32cube.ide.mcu.externaltools.gnu-tools-for-stm32.11.3.rel1.win32_1.1.100.202309141235/tools/bin/../lib/gcc/arm-none-eabi/11.3.1/../../../../arm-none-eabi/lib/thumb/v7e-m+fp/hard\libc_nano.a(libc_a-lseekr.o)
[...]
Memory Configuration

Name             Origin             Length             Attributes
CCMRAM           0x0000000010000000 0x0000000000001000 xrw
RAM              0x0000000020000000 0x0000000000003000 xrw
FLASH            0x0000000008000000 0x0000000000010000 xr
*default*        0x0000000000000000 0xffffffffffffffff

Linker script and memory map

LOAD C:/ST/STM32CubeIDE_1.13.2/STM32CubeIDE/plugins/com.st.stm32cube.ide.mcu.externaltools.gnu-tools-for-stm32.11.3.rel1.win32_1.1.100.202309141235/tools/bin/../lib/gcc/arm-none-eabi/11.3.1/thumb/v7e-m+fp/hard/crti.o
LOAD C:/ST/STM32CubeIDE_1.13.2/STM32CubeIDE/plugins/com.st.stm32cube.ide.mcu.externaltools.gnu-tools-for-stm32.11.3.rel1.win32_1.1.100.202309141235/tools/bin/../lib/gcc/arm-none-eabi/11.3.1/thumb/v7e-m+fp/hard/crtbegin.o
LOAD C:/ST/STM32CubeIDE_1.13.2/STM32CubeIDE/plugins/com.st.stm32cube.ide.mcu.externaltools.gnu-tools-for-stm32.11.3.rel1.win32_1.1.100.202309141235/tools/bin/../lib/gcc/arm-none-eabi/11.3.1/../../../../arm-none-eabi/lib/thumb/v7e-m+fp/hard/crt0.o
LOAD ./Core/Src/dma.o
LOAD ./Core/Src/gpio.o
LOAD ./Core/Src/iwdg.o
LOAD ./Core/Src/main.o
LOAD ./Core/Src/spi.o
LOAD ./Core/Src/stm32f3xx_hal_msp.o
LOAD ./Core/Src/stm32f3xx_it.o
LOAD ./Core/Src/syscalls.o
LOAD ./Core/Src/sysmem.o
LOAD ./Core/Src/system_stm32f3xx.o
LOAD ./Core/Src/usart.o
LOAD ./Core/Startup/startup_stm32f334r8tx.o
LOAD ./Drivers/STM32F3xx_HAL_Driver/Src/stm32f3xx_hal.o
LOAD ./Drivers/STM32F3xx_HAL_Driver/Src/stm32f3xx_hal_cortex.o
LOAD ./Drivers/STM32F3xx_HAL_Driver/Src/stm32f3xx_hal_dma.o
LOAD ./Drivers/STM32F3xx_HAL_Driver/Src/stm32f3xx_hal_exti.o
LOAD ./Drivers/STM32F3xx_HAL_Driver/Src/stm32f3xx_hal_flash.o
LOAD ./Drivers/STM32F3xx_HAL_Driver/Src/stm32f3xx_hal_flash_ex.o
LOAD ./Drivers/STM32F3xx_HAL_Driver/Src/stm32f3xx_hal_gpio.o
LOAD ./Drivers/STM32F3xx_HAL_Driver/Src/stm32f3xx_hal_i2c.o
LOAD ./Drivers/STM32F3xx_HAL_Driver/Src/stm32f3xx_hal_i2c_ex.o
LOAD ./Drivers/STM32F3xx_HAL_Driver/Src/stm32f3xx_hal_iwdg.o
LOAD ./Drivers/STM32F3xx_HAL_Driver/Src/stm32f3xx_hal_pwr.o
LOAD ./Drivers/STM32F3xx_HAL_Driver/Src/stm32f3xx_hal_pwr_ex.o
LOAD ./Drivers/STM32F3xx_HAL_Driver/Src/stm32f3xx_hal_rcc.o
LOAD ./Drivers/STM32F3xx_HAL_Driver/Src/stm32f3xx_hal_rcc_ex.o
LOAD ./Drivers/STM32F3xx_HAL_Driver/Src/stm32f3xx_hal_spi.o
LOAD ./Drivers/STM32F3xx_HAL_Driver/Src/stm32f3xx_hal_spi_ex.o
LOAD ./Drivers/STM32F3xx_HAL_Driver/Src/stm32f3xx_hal_tim.o
LOAD ./Drivers/STM32F3xx_HAL_Driver/Src/stm32f3xx_hal_tim_ex.o
LOAD ./Drivers/STM32F3xx_HAL_Driver/Src/stm32f3xx_hal_uart.o
LOAD ./Drivers/STM32F3xx_HAL_Driver/Src/stm32f3xx_hal_uart_ex.o
LOAD ./UGV/Drivers/SX1278/SX1278.o
LOAD ./UGV/Drivers/SX1278/SX1278_hw.o
LOAD ./UGV/Drivers/crc/crc15.o
LOAD ./UGV/Main/ugvMain.o
START GROUP
LOAD C:/ST/STM32CubeIDE_1.13.2/STM32CubeIDE/plugins/com.st.stm32cube.ide.mcu.externaltools.gnu-tools-for-stm32.11.3.rel1.win32_1.1.100.202309141235/tools/bin/../lib/gcc/arm-none-eabi/11.3.1/../../../../arm-none-eabi/lib/thumb/v7e-m+fp/hard\libc_nano.a
LOAD C:/ST/STM32CubeIDE_1.13.2/STM32CubeIDE/plugins/com.st.stm32cube.ide.mcu.externaltools.gnu-tools-for-stm32.11.3.rel1.win32_1.1.100.202309141235/tools/bin/../lib/gcc/arm-none-eabi/11.3.1/../../../../arm-none-eabi/lib/thumb/v7e-m+fp/hard\libm.a
END GROUP
START GROUP
LOAD C:/ST/STM32CubeIDE_1.13.2/STM32CubeIDE/plugins/com.st.stm32cube.ide.mcu.externaltools.gnu-tools-for-stm32.11.3.rel1.win32_1.1.100.202309141235/tools/bin/../lib/gcc/arm-none-eabi/11.3.1/thumb/v7e-m+fp/hard\libgcc.a
LOAD C:/ST/STM32CubeIDE_1.13.2/STM32CubeIDE/plugins/com.st.stm32cube.ide.mcu.externaltools.gnu-tools-for-stm32.11.3.rel1.win32_1.1.100.202309141235/tools/bin/../lib/gcc/arm-none-eabi/11.3.1/../../../../arm-none-eabi/lib/thumb/v7e-m+fp/hard\libc_nano.a
END GROUP
START GROUP
LOAD C:/ST/STM32CubeIDE_1.13.2/STM32CubeIDE/plugins/com.st.stm32cube.ide.mcu.externaltools.gnu-tools-for-stm32.11.3.rel1.win32_1.1.100.202309141235/tools/bin/../lib/gcc/arm-none-eabi/11.3.1/thumb/v7e-m+fp/hard\libgcc.a
LOAD C:/ST/STM32CubeIDE_1.13.2/STM32CubeIDE/plugins/com.st.stm32cube.ide.mcu.externaltools.gnu-tools-for-stm32.11.3.rel1.win32_1.1.100.202309141235/tools/bin/../lib/gcc/arm-none-eabi/11.3.1/../../../../arm-none-eabi/lib/thumb/v7e-m+fp/hard\libc_nano.a
LOAD C:/ST/STM32CubeIDE_1.13.2/STM32CubeIDE/plugins/com.st.stm32cube.ide.mcu.externaltools.gnu-tools-for-stm32.11.3.rel1.win32_1.1.100.202309141235/tools/bin/../lib/gcc/arm-none-eabi/11.3.1/../../../../arm-none-eabi/lib/thumb/v7e-m+fp/hard\libnosys.a
END GROUP
START GROUP
LOAD C:/ST/STM32CubeIDE_1.13.2/STM32CubeIDE/plugins/com.st.stm32cube.ide.mcu.externaltools.gnu-tools-for-stm32.11.3.rel1.win32_1.1.100.202309141235/tools/bin/../lib/gcc/arm-none-eabi/11.3.1/thumb/v7e-m+fp/hard\libgcc.a
LOAD C:/ST/STM32CubeIDE_1.13.2/STM32CubeIDE/plugins/com.st.stm32cube.ide.mcu.externaltools.gnu-tools-for-stm32.11.3.rel1.win32_1.1.100.202309141235/tools/bin/../lib/gcc/arm-none-eabi/11.3.1/../../../../arm-none-eabi/lib/thumb/v7e-m+fp/hard\libc_nano.a
LOAD C:/ST/STM32CubeIDE_1.13.2/STM32CubeIDE/plugins/com.st.stm32cube.ide.mcu.externaltools.gnu-tools-for-stm32.11.3.rel1.win32_1.1.100.202309141235/tools/bin/../lib/gcc/arm-none-eabi/11.3.1/../../../../arm-none-eabi/lib/thumb/v7e-m+fp/hard\libnosys.a
END GROUP
LOAD C:/ST/STM32CubeIDE_1.13.2/STM32CubeIDE/plugins/com.st.stm32cube.ide.mcu.externaltools.gnu-tools-for-stm32.11.3.rel1.win32_1.1.100.202309141235/tools/bin/../lib/gcc/arm-none-eabi/11.3.1/thumb/v7e-m+fp/hard/crtend.o
LOAD C:/ST/STM32CubeIDE_1.13.2/STM32CubeIDE/plugins/com.st.stm32cube.ide.mcu.externaltools.gnu-tools-for-stm32.11.3.rel1.win32_1.1.100.202309141235/tools/bin/../lib/gcc/arm-none-eabi/11.3.1/thumb/v7e-m+fp/hard/crtn.o
                0x0000000020003000                _estack = (ORIGIN (RAM) + LENGTH (RAM))
                0x0000000000000200                _Min_Heap_Size = 0x200
                0x0000000000000400                _Min_Stack_Size = 0x400

.isr_vector     0x0000000008000000      0x188
                0x0000000008000000                . = ALIGN (0x4)
 *(.isr_vector)
 .isr_vector    0x0000000008000000      0x188 ./Core/Startup/startup_stm32f334r8tx.o
                0x0000000008000000                g_pfnVectors
                0x0000000008000188                . = ALIGN (0x4)

.text           0x0000000008000188     0x4fe8
                0x0000000008000188                . = ALIGN (0x4)
 *(.text)
 .text          0x0000000008000188       0x40 C:/ST/STM32CubeIDE_1.13.2/STM32CubeIDE/plugins/com.st.stm32cube.ide.mcu.externaltools.gnu-tools-for-stm32.11.3.rel1.win32_1.1.100.202309141235/tools/bin/../lib/gcc/arm-none-eabi/11.3.1/thumb/v7e-m+fp/hard/crtbegin.o
 .text          0x00000000080001c8       0x30 C:/ST/STM32CubeIDE_1.13.2/STM32CubeIDE/plugins/com.st.stm32cube.ide.mcu.externaltools.gnu-tools-for-stm32.11.3.rel1.win32_1.1.100.202309141235/tools/bin/../lib/gcc/arm-none-eabi/11.3.1/thumb/v7e-m+fp/hard\libgcc.a(_aeabi_uldivmod.o)
                0x00000000080001c8                __aeabi_uldivmod
 .text          0x00000000080001f8      0x2c8 C:/ST/STM32CubeIDE_1.13.2/STM32CubeIDE/plugins/com.st.stm32cube.ide.mcu.externaltools.gnu-tools-for-stm32.11.3.rel1.win32_1.1.100.202309141235/tools/bin/../lib/gcc/arm-none-eabi/11.3.1/thumb/v7e-m+fp/hard\libgcc.a(_udivmoddi4.o)
                0x00000000080001f8                __udivmoddi4
 .text          0x00000000080004c0        0x4 C:/ST/STM32CubeIDE_1.13.2/STM32CubeIDE/plugins/com.st.stm32cube.ide.mcu.externaltools.gnu-tools-for-stm32.11.3.rel1.win32_1.1.100.202309141235/tools/bin/../lib/gcc/arm-none-eabi/11.3.1/thumb/v7e-m+fp/hard\libgcc.a(_dvmd_tls.o)
                0x00000000080004c0                __aeabi_idiv0
                0x00000000080004c0                __aeabi_ldiv0
 *(.text*)
 .text.MX_DMA_Init
                0x00000000080004c4       0x3c ./Core/Src/dma.o
                0x00000000080004c4                MX_DMA_Init
 .text.MX_GPIO_Init
                0x0000000008000500      0x120 ./Core/Src/gpio.o
                0x0000000008000500                MX_GPIO_Init
 .text.HAL_GPIO_EXTI_Callback
                0x0000000008000620       0x1c ./Core/Src/gpio.o
                0x0000000008000620                HAL_GPIO_EXTI_Callback
 .text.MX_IWDG_Init
                0x000000000800063c       0x3c ./Core/Src/iwdg.o
                0x000000000800063c                MX_IWDG_Init
 .text.main     0x0000000008000678       0x2c ./Core/Src/main.o
                0x0000000008000678                main
 .text.SystemClock_Config
                0x00000000080006a4       0x8e ./Core/Src/main.o
                0x00000000080006a4                SystemClock_Config
 .text.Error_Handler
                0x0000000008000732        0xa ./Core/Src/main.o
                0x0000000008000732                Error_Handler
 .text.MX_SPI1_Init
                0x000000000800073c       0x7c ./Core/Src/spi.o
                0x000000000800073c                MX_SPI1_Init
 .text.HAL_SPI_MspInit
                0x00000000080007b8       0x84 ./Core/Src/spi.o
                0x00000000080007b8                HAL_SPI_MspInit
 .text.HAL_MspInit
                0x000000000800083c       0x48 ./Core/Src/stm32f3xx_hal_msp.o
                0x000000000800083c                HAL_MspInit
 .text.NMI_Handler
                0x0000000008000884        0x6 ./Core/Src/stm32f3xx_it.o
                0x0000000008000884                NMI_Handler
 .text.HardFault_Handler
                0x000000000800088a        0x6 ./Core/Src/stm32f3xx_it.o
                0x000000000800088a                HardFault_Handler
 .text.MemManage_Handler
                0x0000000008000890        0x6 ./Core/Src/stm32f3xx_it.o
                0x0000000008000890                MemManage_Handler
 .text.BusFault_Handler
                0x0000000008000896        0x6 ./Core/Src/stm32f3xx_it.o
                0x0000000008000896                BusFault_Handler
 .text.UsageFault_Handler
                0x000000000800089c        0x6 ./Core/Src/stm32f3xx_it.o
                0x000000000800089c                UsageFault_Handler
 .text.SVC_Handler
                0x00000000080008a2        0xe ./Core/Src/stm32f3xx_it.o
                0x00000000080008a2                SVC_Handler
 .text.DebugMon_Handler
                0x00000000080008b0        0xe ./Core/Src/stm32f3xx_it.o
                0x00000000080008b0                DebugMon_Handler
 .text.PendSV_Handler
                0x00000000080008be        0xe ./Core/Src/stm32f3xx_it.o
                0x00000000080008be                PendSV_Handler
 .text.SysTick_Handler
                0x00000000080008cc        0xc ./Core/Src/stm32f3xx_it.o
                0x00000000080008cc                SysTick_Handler
 .text.EXTI0_IRQHandler
                0x00000000080008d8        0xe ./Core/Src/stm32f3xx_it.o
                0x00000000080008d8                EXTI0_IRQHandler
 *fill*         0x00000000080008e6        0x2 
 .text.DMA1_Channel7_IRQHandler
                0x00000000080008e8       0x14 ./Core/Src/stm32f3xx_it.o
                0x00000000080008e8                DMA1_Channel7_IRQHandler
 .text.USART2_IRQHandler
                0x00000000080008fc       0x14 ./Core/Src/stm32f3xx_it.o
                0x00000000080008fc                USART2_IRQHandler
 .text.SystemInit
                0x0000000008000910       0x24 ./Core/Src/system_stm32f3xx.o
                0x0000000008000910                SystemInit
 .text.MX_USART2_UART_Init
                0x0000000008000934       0x60 ./Core/Src/usart.o
                0x0000000008000934                MX_USART2_UART_Init
 .text.HAL_UART_MspInit
                0x0000000008000994       0xec ./Core/Src/usart.o
                0x0000000008000994                HAL_UART_MspInit
 .text.Reset_Handler
                0x0000000008000a80       0x50 ./Core/Startup/startup_stm32f334r8tx.o
                0x0000000008000a80                Reset_Handler
 .text.Default_Handler
                0x0000000008000ad0        0x2 ./Core/Startup/startup_stm32f334r8tx.o
                0x0000000008000ad0                RTC_Alarm_IRQHandler
                0x0000000008000ad0                HRTIM1_Master_IRQHandler
                0x0000000008000ad0                TIM1_CC_IRQHandler
                0x0000000008000ad0                HRTIM1_FLT_IRQHandler
                0x0000000008000ad0                PVD_IRQHandler
                0x0000000008000ad0                HRTIM1_TIMD_IRQHandler
                0x0000000008000ad0                TAMP_STAMP_IRQHandler
                0x0000000008000ad0                EXTI3_IRQHandler
                0x0000000008000ad0                FPU_IRQHandler
                0x0000000008000ad0                CAN_TX_IRQHandler
                0x0000000008000ad0                TIM1_UP_TIM16_IRQHandler
                0x0000000008000ad0                ADC1_2_IRQHandler
                0x0000000008000ad0                HRTIM1_TIME_IRQHandler
                0x0000000008000ad0                SPI1_IRQHandler
                0x0000000008000ad0                CAN_SCE_IRQHandler
                0x0000000008000ad0                HRTIM1_TIMC_IRQHandler
                0x0000000008000ad0                DMA1_Channel4_IRQHandler
                0x0000000008000ad0                USART3_IRQHandler
                0x0000000008000ad0                TIM7_DAC2_IRQHandler
                0x0000000008000ad0                CAN_RX1_IRQHandler
                0x0000000008000ad0                I2C1_EV_IRQHandler
                0x0000000008000ad0                DMA1_Channel6_IRQHandler
                0x0000000008000ad0                TIM3_IRQHandler
                0x0000000008000ad0                RCC_IRQHandler
                0x0000000008000ad0                DMA1_Channel1_IRQHandler
                0x0000000008000ad0                Default_Handler
                0x0000000008000ad0                EXTI15_10_IRQHandler
                0x0000000008000ad0                COMP2_IRQHandler
                0x0000000008000ad0                HRTIM1_TIMA_IRQHandler
                0x0000000008000ad0                TIM6_DAC1_IRQHandler
                0x0000000008000ad0                EXTI9_5_IRQHandler
                0x0000000008000ad0                RTC_WKUP_IRQHandler
                0x0000000008000ad0                DMA1_Channel5_IRQHandler
                0x0000000008000ad0                EXTI4_IRQHandler
                0x0000000008000ad0                HRTIM1_TIMB_IRQHandler
                0x0000000008000ad0                TIM1_TRG_COM_TIM17_IRQHandler
                0x0000000008000ad0                DMA1_Channel3_IRQHandler
                0x0000000008000ad0                WWDG_IRQHandler
                0x0000000008000ad0                TIM2_IRQHandler
                0x0000000008000ad0                EXTI1_IRQHandler
                0x0000000008000ad0                COMP4_6_IRQHandler
                0x0000000008000ad0                DMA1_Channel2_IRQHandler
                0x0000000008000ad0                FLASH_IRQHandler
                0x0000000008000ad0                USART1_IRQHandler
                0x0000000008000ad0                CAN_RX0_IRQHandler
                0x0000000008000ad0                I2C1_ER_IRQHandler
                0x0000000008000ad0                EXTI2_TSC_IRQHandler
                0x0000000008000ad0                TIM1_BRK_TIM15_IRQHandler
 *fill*         0x0000000008000ad2        0x2 
 .text.HAL_Init
                0x0000000008000ad4       0x2c ./Drivers/STM32F3xx_HAL_Driver/Src/stm32f3xx_hal.o
                0x0000000008000ad4                HAL_Init
 .text.HAL_InitTick
                0x0000000008000b00       0x60 ./Drivers/STM32F3xx_HAL_Driver/Src/stm32f3xx_hal.o
                0x0000000008000b00                HAL_InitTick
 .text.HAL_IncTick
                0x0000000008000b60       0x28 ./Drivers/STM32F3xx_HAL_Driver/Src/stm32f3xx_hal.o
                0x0000000008000b60                HAL_IncTick
 .text.HAL_GetTick
                0x0000000008000b88       0x18 ./Drivers/STM32F3xx_HAL_Driver/Src/stm32f3xx_hal.o
                0x0000000008000b88                HAL_GetTick
 .text.HAL_Delay
                0x0000000008000ba0       0x48 ./Drivers/STM32F3xx_HAL_Driver/Src/stm32f3xx_hal.o
                0x0000000008000ba0                HAL_Delay
 .text.__NVIC_SetPriorityGrouping
                0x0000000008000be8       0x48 ./Drivers/STM32F3xx_HAL_Driver/Src/stm32f3xx_hal_cortex.o
 .text.__NVIC_GetPriorityGrouping
                0x0000000008000c30       0x1c ./Drivers/STM32F3xx_HAL_Driver/Src/stm32f3xx_hal_cortex.o
 .text.__NVIC_EnableIRQ
                0x0000000008000c4c       0x3c ./Drivers/STM32F3xx_HAL_Driver/Src/stm32f3xx_hal_cortex.o
 .text.__NVIC_SetPriority
                0x0000000008000c88       0x54 ./Drivers/STM32F3xx_HAL_Driver/Src/stm32f3xx_hal_cortex.o
 .text.NVIC_EncodePriority
                0x0000000008000cdc       0x66 ./Drivers/STM32F3xx_HAL_Driver/Src/stm32f3xx_hal_cortex.o
 *fill*         0x0000000008000d42        0x2 
 .text.SysTick_Config
                0x0000000008000d44       0x44 ./Drivers/STM32F3xx_HAL_Driver/Src/stm32f3xx_hal_cortex.o
 .text.HAL_NVIC_SetPriorityGrouping
                0x0000000008000d88       0x16 ./Drivers/STM32F3xx_HAL_Driver/Src/stm32f3xx_hal_cortex.o
                0x0000000008000d88                HAL_NVIC_SetPriorityGrouping
 .text.HAL_NVIC_SetPriority
                0x0000000008000d9e       0x38 ./Drivers/STM32F3xx_HAL_Driver/Src/stm32f3xx_hal_cortex.o
                0x0000000008000d9e                HAL_NVIC_SetPriority
 .text.HAL_NVIC_EnableIRQ
                0x0000000008000dd6       0x1c ./Drivers/STM32F3xx_HAL_Driver/Src/stm32f3xx_hal_cortex.o
                0x0000000008000dd6                HAL_NVIC_EnableIRQ
 .text.HAL_SYSTICK_Config
                0x0000000008000df2       0x18 ./Drivers/STM32F3xx_HAL_Driver/Src/stm32f3xx_hal_cortex.o
                0x0000000008000df2                HAL_SYSTICK_Config
 .text.HAL_DMA_Init
                0x0000000008000e0a       0x8e ./Drivers/STM32F3xx_HAL_Driver/Src/stm32f3xx_hal_dma.o
                0x0000000008000e0a                HAL_DMA_Init
 .text.HAL_DMA_Abort
                0x0000000008000e98       0x72 ./Drivers/STM32F3xx_HAL_Driver/Src/stm32f3xx_hal_dma.o
                0x0000000008000e98                HAL_DMA_Abort
 .text.HAL_DMA_Abort_IT
                0x0000000008000f0a       0x7c ./Drivers/STM32F3xx_HAL_Driver/Src/stm32f3xx_hal_dma.o
                0x0000000008000f0a                HAL_DMA_Abort_IT
 .text.HAL_DMA_IRQHandler
                0x0000000008000f86      0x146 ./Drivers/STM32F3xx_HAL_Driver/Src/stm32f3xx_hal_dma.o
                0x0000000008000f86                HAL_DMA_IRQHandler
 .text.DMA_CalcBaseAndBitshift
                0x00000000080010cc       0x40 ./Drivers/STM32F3xx_HAL_Driver/Src/stm32f3xx_hal_dma.o
 .text.HAL_GPIO_Init
                0x000000000800110c      0x2e4 ./Drivers/STM32F3xx_HAL_Driver/Src/stm32f3xx_hal_gpio.o
                0x000000000800110c                HAL_GPIO_Init
 .text.HAL_GPIO_ReadPin
                0x00000000080013f0       0x30 ./Drivers/STM32F3xx_HAL_Driver/Src/stm32f3xx_hal_gpio.o
                0x00000000080013f0                HAL_GPIO_ReadPin
 .text.HAL_GPIO_WritePin
                0x0000000008001420       0x30 ./Drivers/STM32F3xx_HAL_Driver/Src/stm32f3xx_hal_gpio.o
                0x0000000008001420                HAL_GPIO_WritePin
 .text.HAL_GPIO_EXTI_IRQHandler
                0x0000000008001450       0x30 ./Drivers/STM32F3xx_HAL_Driver/Src/stm32f3xx_hal_gpio.o
                0x0000000008001450                HAL_GPIO_EXTI_IRQHandler
 .text.HAL_IWDG_Init
                0x0000000008001480       0x9e ./Drivers/STM32F3xx_HAL_Driver/Src/stm32f3xx_hal_iwdg.o
                0x0000000008001480                HAL_IWDG_Init
 .text.HAL_IWDG_Refresh
                0x000000000800151e       0x20 ./Drivers/STM32F3xx_HAL_Driver/Src/stm32f3xx_hal_iwdg.o
                0x000000000800151e                HAL_IWDG_Refresh
 *fill*         0x000000000800153e        0x2 
 .text.HAL_RCC_OscConfig
                0x0000000008001540     0x107c ./Drivers/STM32F3xx_HAL_Driver/Src/stm32f3xx_hal_rcc.o
                0x0000000008001540                HAL_RCC_OscConfig
 .text.HAL_RCC_ClockConfig
                0x00000000080025bc      0x2f8 ./Drivers/STM32F3xx_HAL_Driver/Src/stm32f3xx_hal_rcc.o
                0x00000000080025bc                HAL_RCC_ClockConfig
 .text.HAL_RCC_GetSysClockFreq
                0x00000000080028b4       0xd4 ./Drivers/STM32F3xx_HAL_Driver/Src/stm32f3xx_hal_rcc.o
                0x00000000080028b4                HAL_RCC_GetSysClockFreq
 .text.HAL_RCC_GetHCLKFreq
                0x0000000008002988       0x18 ./Drivers/STM32F3xx_HAL_Driver/Src/stm32f3xx_hal_rcc.o
                0x0000000008002988                HAL_RCC_GetHCLKFreq
 .text.HAL_RCC_GetPCLK1Freq
                0x00000000080029a0       0x44 ./Drivers/STM32F3xx_HAL_Driver/Src/stm32f3xx_hal_rcc.o
                0x00000000080029a0                HAL_RCC_GetPCLK1Freq
 .text.HAL_RCC_GetPCLK2Freq
                0x00000000080029e4       0x44 ./Drivers/STM32F3xx_HAL_Driver/Src/stm32f3xx_hal_rcc.o
                0x00000000080029e4                HAL_RCC_GetPCLK2Freq
 .text.HAL_SPI_Init
                0x0000000008002a28      0x146 ./Drivers/STM32F3xx_HAL_Driver/Src/stm32f3xx_hal_spi.o
                0x0000000008002a28                HAL_SPI_Init
 .text.HAL_SPI_Transmit
                0x0000000008002b6e      0x2ea ./Drivers/STM32F3xx_HAL_Driver/Src/stm32f3xx_hal_spi.o
                0x0000000008002b6e                HAL_SPI_Transmit
 .text.HAL_SPI_TransmitReceive
                0x0000000008002e58      0x444 ./Drivers/STM32F3xx_HAL_Driver/Src/stm32f3xx_hal_spi.o
                0x0000000008002e58                HAL_SPI_TransmitReceive
 .text.HAL_SPI_GetState
                0x000000000800329c       0x1c ./Drivers/STM32F3xx_HAL_Driver/Src/stm32f3xx_hal_spi.o
                0x000000000800329c                HAL_SPI_GetState
 .text.SPI_WaitFlagStateUntilTimeout
                0x00000000080032b8      0x110 ./Drivers/STM32F3xx_HAL_Driver/Src/stm32f3xx_hal_spi.o
 .text.SPI_WaitFifoStateUntilTimeout
                0x00000000080033c8      0x12c ./Drivers/STM32F3xx_HAL_Driver/Src/stm32f3xx_hal_spi.o
 .text.SPI_EndRxTxTransaction
                0x00000000080034f4       0x8c ./Drivers/STM32F3xx_HAL_Driver/Src/stm32f3xx_hal_spi.o
 .text.HAL_UART_Init
                0x0000000008003580       0x9c ./Drivers/STM32F3xx_HAL_Driver/Src/stm32f3xx_hal_uart.o
                0x0000000008003580                HAL_UART_Init
 .text.HAL_UART_Transmit
                0x000000000800361c      0x114 ./Drivers/STM32F3xx_HAL_Driver/Src/stm32f3xx_hal_uart.o
                0x000000000800361c                HAL_UART_Transmit
 .text.HAL_UART_IRQHandler
                0x0000000008003730      0x5cc ./Drivers/STM32F3xx_HAL_Driver/Src/stm32f3xx_hal_uart.o
                0x0000000008003730                HAL_UART_IRQHandler
 .text.HAL_UART_TxCpltCallback
                0x0000000008003cfc       0x14 ./Drivers/STM32F3xx_HAL_Driver/Src/stm32f3xx_hal_uart.o
                0x0000000008003cfc                HAL_UART_TxCpltCallback
 .text.HAL_UART_ErrorCallback
                0x0000000008003d10       0x14 ./Drivers/STM32F3xx_HAL_Driver/Src/stm32f3xx_hal_uart.o
                0x0000000008003d10                HAL_UART_ErrorCallback
 .text.HAL_UARTEx_RxEventCallback
                0x0000000008003d24       0x18 ./Drivers/STM32F3xx_HAL_Driver/Src/stm32f3xx_hal_uart.o
                0x0000000008003d24                HAL_UARTEx_RxEventCallback
 .text.UART_SetConfig
                0x0000000008003d3c      0x26c ./Drivers/STM32F3xx_HAL_Driver/Src/stm32f3xx_hal_uart.o
                0x0000000008003d3c                UART_SetConfig
 .text.UART_AdvFeatureConfig
                0x0000000008003fa8      0x144 ./Drivers/STM32F3xx_HAL_Driver/Src/stm32f3xx_hal_uart.o
                0x0000000008003fa8                UART_AdvFeatureConfig
 .text.UART_CheckIdleState
                0x00000000080040ec      0x150 ./Drivers/STM32F3xx_HAL_Driver/Src/stm32f3xx_hal_uart.o
                0x00000000080040ec                UART_CheckIdleState
 .text.UART_WaitOnFlagUntilTimeout
                0x000000000800423c       0xce ./Drivers/STM32F3xx_HAL_Driver/Src/stm32f3xx_hal_uart.o
                0x000000000800423c                UART_WaitOnFlagUntilTimeout
 .text.UART_EndRxTransfer
                0x000000000800430a       0xc8 ./Drivers/STM32F3xx_HAL_Driver/Src/stm32f3xx_hal_uart.o
 .text.UART_DMAAbortOnError
                0x00000000080043d2       0x2c ./Drivers/STM32F3xx_HAL_Driver/Src/stm32f3xx_hal_uart.o
 .text.UART_EndTransmit_IT
                0x00000000080043fe       0x54 ./Drivers/STM32F3xx_HAL_Driver/Src/stm32f3xx_hal_uart.o
 .text.HAL_UARTEx_WakeupCallback
                0x0000000008004452       0x14 ./Drivers/STM32F3xx_HAL_Driver/Src/stm32f3xx_hal_uart_ex.o
                0x0000000008004452                HAL_UARTEx_WakeupCallback
 .text.SX1278_SPIRead
                0x0000000008004466       0x3e ./UGV/Drivers/SX1278/SX1278.o
                0x0000000008004466                SX1278_SPIRead
 .text.SX1278_SPIWrite
                0x00000000080044a4       0x52 ./UGV/Drivers/SX1278/SX1278.o
                0x00000000080044a4                SX1278_SPIWrite
 .text.SX1278_SPIBurstRead
                0x00000000080044f6       0x72 ./UGV/Drivers/SX1278/SX1278.o
                0x00000000080044f6                SX1278_SPIBurstRead
 .text.SX1278_SPIBurstWrite
                0x0000000008004568       0x76 ./UGV/Drivers/SX1278/SX1278.o
                0x0000000008004568                SX1278_SPIBurstWrite
 *fill*         0x00000000080045de        0x2 
 .text.SX1278_config
                0x00000000080045e0      0x208 ./UGV/Drivers/SX1278/SX1278.o
                0x00000000080045e0                SX1278_config
 .text.SX1278_standby
                0x00000000080047e8       0x20 ./UGV/Drivers/SX1278/SX1278.o
                0x00000000080047e8                SX1278_standby
 .text.SX1278_sleep
                0x0000000008004808       0x20 ./UGV/Drivers/SX1278/SX1278.o
                0x0000000008004808                SX1278_sleep
 .text.SX1278_entryLoRa
                0x0000000008004828       0x1a ./UGV/Drivers/SX1278/SX1278.o
                0x0000000008004828                SX1278_entryLoRa
 .text.SX1278_clearLoRaIrq
                0x0000000008004842       0x1a ./UGV/Drivers/SX1278/SX1278.o
                0x0000000008004842                SX1278_clearLoRaIrq
 .text.SX1278_LoRaEntryRx
                0x000000000800485c       0xca ./UGV/Drivers/SX1278/SX1278.o
                0x000000000800485c                SX1278_LoRaEntryRx
 .text.SX1278_LoRaRxPacket
                0x0000000008004926       0x88 ./UGV/Drivers/SX1278/SX1278.o
                0x0000000008004926                SX1278_LoRaRxPacket
 .text.SX1278_LoRaTxPacket
                0x00000000080049ae       0x7e ./UGV/Drivers/SX1278/SX1278.o
                0x00000000080049ae                SX1278_LoRaTxPacket
 .text.SX1278_init
                0x0000000008004a2c       0x5a ./UGV/Drivers/SX1278/SX1278.o
                0x0000000008004a2c                SX1278_init
 .text.SX1278_available
                0x0000000008004a86       0x18 ./UGV/Drivers/SX1278/SX1278.o
                0x0000000008004a86                SX1278_available
 .text.SX1278_read
                0x0000000008004a9e       0x4c ./UGV/Drivers/SX1278/SX1278.o
                0x0000000008004a9e                SX1278_read
 .text.SX1278_hw_init
                0x0000000008004aea       0x2a ./UGV/Drivers/SX1278/SX1278_hw.o
                0x0000000008004aea                SX1278_hw_init
 .text.SX1278_hw_SetNSS
                0x0000000008004b14       0x2e ./UGV/Drivers/SX1278/SX1278_hw.o
                0x0000000008004b14                SX1278_hw_SetNSS
 .text.SX1278_hw_Reset
                0x0000000008004b42       0x48 ./UGV/Drivers/SX1278/SX1278_hw.o
                0x0000000008004b42                SX1278_hw_Reset
 .text.SX1278_hw_SPICommand
                0x0000000008004b8a       0x40 ./UGV/Drivers/SX1278/SX1278_hw.o
                0x0000000008004b8a                SX1278_hw_SPICommand
 .text.SX1278_hw_SPIReadByte
                0x0000000008004bca       0x4c ./UGV/Drivers/SX1278/SX1278_hw.o
                0x0000000008004bca                SX1278_hw_SPIReadByte
 .text.SX1278_hw_DelayMs
                0x0000000008004c16       0x16 ./UGV/Drivers/SX1278/SX1278_hw.o
                0x0000000008004c16                SX1278_hw_DelayMs
 .text.SX1278_hw_GetDIO0
                0x0000000008004c2c       0x2e ./UGV/Drivers/SX1278/SX1278_hw.o
                0x0000000008004c2c                SX1278_hw_GetDIO0
 *fill*         0x0000000008004c5a        0x2 
 .text.init_PEC15_Table
                0x0000000008004c5c       0x70 ./UGV/Drivers/crc/crc15.o
                0x0000000008004c5c                init_PEC15_Table
 .text.AE_pec15
                0x0000000008004ccc       0x68 ./UGV/Drivers/crc/crc15.o
                0x0000000008004ccc                AE_pec15
 .text.ugvMain  0x0000000008004d34       0x34 ./UGV/Main/ugvMain.o
                0x0000000008004d34                ugvMain
 .text.systemInitialize
                0x0000000008004d68       0x28 ./UGV/Main/ugvMain.o
 .text.loraInit
                0x0000000008004d90       0x8c ./UGV/Main/ugvMain.o
 .text.loraDioCallBack
                0x0000000008004e1c       0x88 ./UGV/Main/ugvMain.o
                0x0000000008004e1c                loraDioCallBack
 .text.transtmitPackage
                0x0000000008004ea4      0x240 ./UGV/Main/ugvMain.o
                0x0000000008004ea4                transtmitPackage
 .text.memset   0x00000000080050e4       0x10 C:/ST/STM32CubeIDE_1.13.2/STM32CubeIDE/plugins/com.st.stm32cube.ide.mcu.externaltools.gnu-tools-for-stm32.11.3.rel1.win32_1.1.100.202309141235/tools/bin/../lib/gcc/arm-none-eabi/11.3.1/../../../../arm-none-eabi/lib/thumb/v7e-m+fp/hard\libc_nano.a(libc_a-memset.o)
                0x00000000080050e4                memset
 .text.__libc_init_array
                0x00000000080050f4       0x48 C:/ST/STM32CubeIDE_1.13.2/STM32CubeIDE/plugins/com.st.stm32cube.ide.mcu.externaltools.gnu-tools-for-stm32.11.3.rel1.win32_1.1.100.202309141235/tools/bin/../lib/gcc/arm-none-eabi/11.3.1/../../../../arm-none-eabi/lib/thumb/v7e-m+fp/hard\libc_nano.a(libc_a-init.o)
                0x00000000080050f4                __libc_init_array
 .text.memcpy   0x000000000800513c       0x1c C:/ST/STM32CubeIDE_1.13.2/STM32CubeIDE/plugins/com.st.stm32cube.ide.mcu.externaltools.gnu-tools-for-stm32.11.3.rel1.win32_1.1.100.202309141235/tools/bin/../lib/gcc/arm-none-eabi/11.3.1/../../../../arm-none-eabi/lib/thumb/v7e-m+fp/hard\libc_nano.a(libc_a-memcpy-stub.o)
                0x000000000800513c                memcpy
 *(.glue_7)
 .glue_7        0x0000000008005158        0x0 linker stubs
 *(.glue_7t)
 .glue_7t       0x0000000008005158        0x0 linker stubs
 *(.eh_frame)
 .eh_frame      0x0000000008005158        0x0 C:/ST/STM32CubeIDE_1.13.2/STM32CubeIDE/plugins/com.st.stm32cube.ide.mcu.externaltools.gnu-tools-for-stm32.11.3.rel1.win32_1.1.100.202309141235/tools/bin/../lib/gcc/arm-none-eabi/11.3.1/thumb/v7e-m+fp/hard/crtbegin.o
 *(.init)
 .init          0x0000000008005158        0x4 C:/ST/STM32CubeIDE_1.13.2/STM32CubeIDE/plugins/com.st.stm32cube.ide.mcu.externaltools.gnu-tools-for-stm32.11.3.rel1.win32_1.1.100.202309141235/tools/bin/../lib/gcc/arm-none-eabi/11.3.1/thumb/v7e-m+fp/hard/crti.o
                0x0000000008005158                _init
 .init          0x000000000800515c        0x8 C:/ST/STM32CubeIDE_1.13.2/STM32CubeIDE/plugins/com.st.stm32cube.ide.mcu.externaltools.gnu-tools-for-stm32.11.3.rel1.win32_1.1.100.202309141235/tools/bin/../lib/gcc/arm-none-eabi/11.3.1/thumb/v7e-m+fp/hard/crtn.o
 *(.fini)
 .fini          0x0000000008005164        0x4 C:/ST/STM32CubeIDE_1.13.2/STM32CubeIDE/plugins/com.st.stm32cube.ide.mcu.externaltools.gnu-tools-for-stm32.11.3.rel1.win32_1.1.100.202309141235/tools/bin/../lib/gcc/arm-none-eabi/11.3.1/thumb/v7e-m+fp/hard/crti.o
                0x0000000008005164                _fini
 .fini          0x0000000008005168        0x8 C:/ST/STM32CubeIDE_1.13.2/STM32CubeIDE/plugins/com.st.stm32cube.ide.mcu.externaltools.gnu-tools-for-stm32.11.3.rel1.win32_1.1.100.202309141235/tools/bin/../lib/gcc/arm-none-eabi/11.3.1/thumb/v7e-m+fp/hard/crtn.o
                0x0000000008005170                . = ALIGN (0x4)
                0x0000000008005170                _etext = .

.vfp11_veneer   0x0000000008005170        0x0
 .vfp11_veneer  0x0000000008005170        0x0 linker stubs

.v4_bx          0x0000000008005170        0x0
 .v4_bx         0x0000000008005170        0x0 linker stubs

.iplt           0x0000000008005170        0x0
 .iplt          0x0000000008005170        0x0 C:/ST/STM32CubeIDE_1.13.2/STM32CubeIDE/plugins/com.st.stm32cube.ide.mcu.externaltools.gnu-tools-for-stm32.11.3.rel1.win32_1.1.100.202309141235/tools/bin/../lib/gcc/arm-none-eabi/11.3.1/thumb/v7e-m+fp/hard/crtbegin.o

.rodata         0x0000000008005170       0x58
                0x0000000008005170                . = ALIGN (0x4)
 *(.rodata)
 *(.rodata*)
 .rodata.AHBPrescTable
                0x0000000008005170       0x10 ./Core/Src/system_stm32f3xx.o
                0x0000000008005170                AHBPrescTable
 .rodata.APBPrescTable
                0x0000000008005180        0x8 ./Core/Src/system_stm32f3xx.o
                0x0000000008005180                APBPrescTable
 .rodata.aPLLMULFactorTable
                0x0000000008005188       0x10 ./Drivers/STM32F3xx_HAL_Driver/Src/stm32f3xx_hal_rcc.o
 .rodata.aPredivFactorTable
                0x0000000008005198       0x10 ./Drivers/STM32F3xx_HAL_Driver/Src/stm32f3xx_hal_rcc.o
 .rodata.SX1278_Power
                0x00000000080051a8        0x4 ./UGV/Drivers/SX1278/SX1278.o
 .rodata.SX1278_SpreadFactor
                0x00000000080051ac        0x7 ./UGV/Drivers/SX1278/SX1278.o
 *fill*         0x00000000080051b3        0x1 
 .rodata.SX1278_LoRaBandwidth
                0x00000000080051b4        0xa ./UGV/Drivers/SX1278/SX1278.o
 *fill*         0x00000000080051be        0x2 
 .rodata.SX1278_CodingRate
                0x00000000080051c0        0x4 ./UGV/Drivers/SX1278/SX1278.o
 .rodata.SX1278_CRC_Sum
                0x00000000080051c4        0x2 ./UGV/Drivers/SX1278/SX1278.o
                0x00000000080051c8                . = ALIGN (0x4)
 *fill*         0x00000000080051c6        0x2 

.ARM.extab      0x00000000080051c8        0x0
                0x00000000080051c8                . = ALIGN (0x4)
 *(.ARM.extab* .gnu.linkonce.armextab.*)
                0x00000000080051c8                . = ALIGN (0x4)

.ARM            0x00000000080051c8        0x8
                0x00000000080051c8                . = ALIGN (0x4)
                0x00000000080051c8                __exidx_start = .
 *(.ARM.exidx*)
 .ARM.exidx     0x00000000080051c8        0x8 C:/ST/STM32CubeIDE_1.13.2/STM32CubeIDE/plugins/com.st.stm32cube.ide.mcu.externaltools.gnu-tools-for-stm32.11.3.rel1.win32_1.1.100.202309141235/tools/bin/../lib/gcc/arm-none-eabi/11.3.1/thumb/v7e-m+fp/hard\libgcc.a(_udivmoddi4.o)
                0x00000000080051d0                __exidx_end = .
                0x00000000080051d0                . = ALIGN (0x4)

.rel.dyn        0x00000000080051d0        0x0
 .rel.iplt      0x00000000080051d0        0x0 C:/ST/STM32CubeIDE_1.13.2/STM32CubeIDE/plugins/com.st.stm32cube.ide.mcu.externaltools.gnu-tools-for-stm32.11.3.rel1.win32_1.1.100.202309141235/tools/bin/../lib/gcc/arm-none-eabi/11.3.1/thumb/v7e-m+fp/hard/crtbegin.o

.preinit_array  0x00000000080051d0        0x0
                0x00000000080051d0                . = ALIGN (0x4)
                0x00000000080051d0                PROVIDE (__preinit_array_start = .)
 *(.preinit_array*)
                0x00000000080051d0                PROVIDE (__preinit_array_end = .)
                0x00000000080051d0                . = ALIGN (0x4)

.init_array     0x00000000080051d0        0x4
                0x00000000080051d0                . = ALIGN (0x4)
                0x00000000080051d0                PROVIDE (__init_array_start = .)
 *(SORT_BY_NAME(.init_array.*))
 *(.init_array*)
 .init_array    0x00000000080051d0        0x4 C:/ST/STM32CubeIDE_1.13.2/STM32CubeIDE/plugins/com.st.stm32cube.ide.mcu.externaltools.gnu-tools-for-stm32.11.3.rel1.win32_1.1.100.202309141235/tools/bin/../lib/gcc/arm-none-eabi/11.3.1/thumb/v7e-m+fp/hard/crtbegin.o
                0x00000000080051d4                PROVIDE (__init_array_end = .)
                0x00000000080051d4                . = ALIGN (0x4)

.fini_array     0x00000000080051d4        0x4
                0x00000000080051d4                . = ALIGN (0x4)
                [!provide]                        PROVIDE (__fini_array_start = .)
 *(SORT_BY_NAME(.fini_array.*))
 *(.fini_array*)
 .fini_array    0x00000000080051d4        0x4 C:/ST/STM32CubeIDE_1.13.2/STM32CubeIDE/plugins/com.st.stm32cube.ide.mcu.externaltools.gnu-tools-for-stm32.11.3.rel1.win32_1.1.100.202309141235/tools/bin/../lib/gcc/arm-none-eabi/11.3.1/thumb/v7e-m+fp/hard/crtbegin.o
                [!provide]                        PROVIDE (__fini_array_end = .)
                0x00000000080051d8                . = ALIGN (0x4)
                0x00000000080051d8                _sidata = LOADADDR (.data)

.data           0x0000000020000000        0xc load address 0x00000000080051d8
                0x0000000020000000                . = ALIGN (0x4)
                0x0000000020000000                _sdata = .
 *(.data)
 *(.data*)
 .data.SystemCoreClock
                0x0000000020000000        0x4 ./Core/Src/system_stm32f3xx.o
                0x0000000020000000                SystemCoreClock
 .data.uwTickPrio
                0x0000000020000004        0x4 ./Drivers/STM32F3xx_HAL_Driver/Src/stm32f3xx_hal.o
                0x0000000020000004                uwTickPrio
 .data.uwTickFreq
                0x0000000020000008        0x1 ./Drivers/STM32F3xx_HAL_Driver/Src/stm32f3xx_hal.o
                0x0000000020000008                uwTickFreq
 *(.RamFunc)
 *(.RamFunc*)
                0x000000002000000c                . = ALIGN (0x4)
 *fill*         0x0000000020000009        0x3 
                0x000000002000000c                _edata = .
                0x00000000080051e4                _siccmram = LOADADDR (.ccmram)

.igot.plt       0x000000002000000c        0x0 load address 0x00000000080051e4
 .igot.plt      0x000000002000000c        0x0 C:/ST/STM32CubeIDE_1.13.2/STM32CubeIDE/plugins/com.st.stm32cube.ide.mcu.externaltools.gnu-tools-for-stm32.11.3.rel1.win32_1.1.100.202309141235/tools/bin/../lib/gcc/arm-none-eabi/11.3.1/thumb/v7e-m+fp/hard/crtbegin.o

.ccmram         0x0000000010000000        0x0 load address 0x00000000080051e4
                0x0000000010000000                . = ALIGN (0x4)
                0x0000000010000000                _sccmram = .
 *(.ccmram)
 *(.ccmram*)
                0x0000000010000000                . = ALIGN (0x4)
                0x0000000010000000                _eccmram = .
                0x0000000010000000                . = ALIGN (0x4)

.bss            0x0000000020000010      0x4f0
                0x0000000020000010                _sbss = .
                0x0000000020000010                __bss_start__ = _sbss
 *(.bss)
 .bss           0x0000000020000010       0x1c C:/ST/STM32CubeIDE_1.13.2/STM32CubeIDE/plugins/com.st.stm32cube.ide.mcu.externaltools.gnu-tools-for-stm32.11.3.rel1.win32_1.1.100.202309141235/tools/bin/../lib/gcc/arm-none-eabi/11.3.1/thumb/v7e-m+fp/hard/crtbegin.o
 *(.bss*)
 .bss.hiwdg     0x000000002000002c       0x10 ./Core/Src/iwdg.o
                0x000000002000002c                hiwdg
 .bss.hspi1     0x000000002000003c       0x64 ./Core/Src/spi.o
                0x000000002000003c                hspi1
 .bss.huart2    0x00000000200000a0       0x88 ./Core/Src/usart.o
                0x00000000200000a0                huart2
 .bss.hdma_usart2_tx
                0x0000000020000128       0x44 ./Core/Src/usart.o
                0x0000000020000128                hdma_usart2_tx
 .bss.uwTick    0x000000002000016c        0x4 ./Drivers/STM32F3xx_HAL_Driver/Src/stm32f3xx_hal.o
                0x000000002000016c                uwTick
 .bss.pec15Table
                0x0000000020000170      0x200 ./UGV/Drivers/crc/crc15.o
                0x0000000020000170                pec15Table
 .bss.loreRxTxMutex
                0x0000000020000370        0x1 ./UGV/Main/ugvMain.o
 *fill*         0x0000000020000371        0x3 
 .bss.ret       0x0000000020000374        0x4 ./UGV/Main/ugvMain.o
 .bss.SX1278_hw
                0x0000000020000378       0x1c ./UGV/Main/ugvMain.o
                0x0000000020000378                SX1278_hw
 *fill*         0x0000000020000394        0x4 
 .bss.SX1278    0x0000000020000398      0x118 ./UGV/Main/ugvMain.o
                0x0000000020000398                SX1278
 .bss.loraTx    0x00000000200004b0       0x1c ./UGV/Main/ugvMain.o
                0x00000000200004b0                loraTx
 .bss.loraDataRx
                0x00000000200004cc       0x34 ./UGV/Main/ugvMain.o
                0x00000000200004cc                loraDataRx
 *(COMMON)
                0x0000000020000500                . = ALIGN (0x4)
                0x0000000020000500                _ebss = .
                0x0000000020000500                __bss_end__ = _ebss

._user_heap_stack
                0x0000000020000500      0x600
                0x0000000020000500                . = ALIGN (0x8)
                [!provide]                        PROVIDE (end = .)
                0x0000000020000500                PROVIDE (_end = .)
                0x0000000020000700                . = (. + _Min_Heap_Size)
 *fill*         0x0000000020000500      0x200 
                0x0000000020000b00                . = (. + _Min_Stack_Size)
 *fill*         0x0000000020000700      0x400 
                0x0000000020000b00                . = ALIGN (0x8)

/DISCARD/
 libc.a(*)
 libm.a(*)
 libgcc.a(*)

.ARM.attributes
                0x0000000000000000       0x30
 *(.ARM.attributes)
 .ARM.attributes
                0x0000000000000000       0x1e C:/ST/STM32CubeIDE_1.13.2/STM32CubeIDE/plugins/com.st.stm32cube.ide.mcu.externaltools.gnu-tools-for-stm32.11.3.rel1.win32_1.1.100.202309141235/tools/bin/../lib/gcc/arm-none-eabi/11.3.1/thumb/v7e-m+fp/hard/crti.o
 .ARM.attributes
                0x000000000000001e       0x34 C:/ST/STM32CubeIDE_1.13.2/STM32CubeIDE/plugins/com.st.stm32cube.ide.mcu.externaltools.gnu-tools-for-stm32.11.3.rel1.win32_1.1.100.202309141235/tools/bin/../lib/gcc/arm-none-eabi/11.3.1/thumb/v7e-m+fp/hard/crtbegin.o
 .ARM.attributes
                0x0000000000000052       0x34 ./Core/Src/dma.o
 .ARM.attributes
                0x0000000000000086       0x34 ./Core/Src/gpio.o
 .ARM.attributes
                0x00000000000000ba       0x34 ./Core/Src/iwdg.o
 .ARM.attributes
                0x00000000000000ee       0x34 ./Core/Src/main.o
 .ARM.attributes
                0x0000000000000122       0x34 ./Core/Src/spi.o
 .ARM.attributes
                0x0000000000000156       0x34 ./Core/Src/stm32f3xx_hal_msp.o
 .ARM.attributes
                0x000000000000018a       0x34 ./Core/Src/stm32f3xx_it.o
 .ARM.attributes
                0x00000000000001be       0x34 ./Core/Src/system_stm32f3xx.o
 .ARM.attributes
                0x00000000000001f2       0x34 ./Core/Src/usart.o
 .ARM.attributes
                0x0000000000000226       0x21 ./Core/Startup/startup_stm32f334r8tx.o
 .ARM.attributes
                0x0000000000000247       0x34 ./Drivers/STM32F3xx_HAL_Driver/Src/stm32f3xx_hal.o
 .ARM.attributes
                0x000000000000027b       0x34 ./Drivers/STM32F3xx_HAL_Driver/Src/stm32f3xx_hal_cortex.o
 .ARM.attributes
                0x00000000000002af       0x34 ./Drivers/STM32F3xx_HAL_Driver/Src/stm32f3xx_hal_dma.o
 .ARM.attributes
                0x00000000000002e3       0x34 ./Drivers/STM32F3xx_HAL_Driver/Src/stm32f3xx_hal_gpio.o
 .ARM.attributes
                0x0000000000000317       0x34 ./Drivers/STM32F3xx_HAL_Driver/Src/stm32f3xx_hal_iwdg.o
 .ARM.attributes
                0x000000000000034b       0x34 ./Drivers/STM32F3xx_HAL_Driver/Src/stm32f3xx_hal_rcc.o
 .ARM.attributes
                0x000000000000037f       0x34 ./Drivers/STM32F3xx_HAL_Driver/Src/stm32f3xx_hal_spi.o
 .ARM.attributes
                0x00000000000003b3       0x34 ./Drivers/STM32F3xx_HAL_Driver/Src/stm32f3xx_hal_uart.o
 .ARM.attributes
                0x00000000000003e7       0x34 ./Drivers/STM32F3xx_HAL_Driver/Src/stm32f3xx_hal_uart_ex.o
 .ARM.attributes
                0x000000000000041b       0x34 ./UGV/Drivers/SX1278/SX1278.o
 .ARM.attributes
                0x000000000000044f       0x34 ./UGV/Drivers/SX1278/SX1278_hw.o
 .ARM.attributes
                0x0000000000000483       0x34 ./UGV/Drivers/crc/crc15.o
 .ARM.attributes
                0x00000000000004b7       0x34 ./UGV/Main/ugvMain.o
 .ARM.attributes
                0x00000000000004eb       0x34 C:/ST/STM32CubeIDE_1.13.2/STM32CubeIDE/plugins/com.st.stm32cube.ide.mcu.externaltools.gnu-tools-for-stm32.11.3.rel1.win32_1.1.100.202309141235/tools/bin/../lib/gcc/arm-none-eabi/11.3.1/../../../../arm-none-eabi/lib/thumb/v7e-m+fp/hard\libc_nano.a(libc_a-memset.o)
 .ARM.attributes
                0x000000000000051f       0x34 C:/ST/STM32CubeIDE_1.13.2/STM32CubeIDE/plugins/com.st.stm32cube.ide.mcu.externaltools.gnu-tools-for-stm32.11.3.rel1.win32_1.1.100.202309141235/tools/bin/../lib/gcc/arm-none-eabi/11.3.1/../../../../arm-none-eabi/lib/thumb/v7e-m+fp/hard\libc_nano.a(libc_a-init.o)
 .ARM.attributes
                0x0000000000000553       0x34 C:/ST/STM32CubeIDE_1.13.2/STM32CubeIDE/plugins/com.st.stm32cube.ide.mcu.externaltools.gnu-tools-for-stm32.11.3.rel1.win32_1.1.100.202309141235/tools/bin/../lib/gcc/arm-none-eabi/11.3.1/../../../../arm-none-eabi/lib/thumb/v7e-m+fp/hard\libc_nano.a(libc_a-memcpy-stub.o)
 .ARM.attributes
                0x0000000000000587       0x1e C:/ST/STM32CubeIDE_1.13.2/STM32CubeIDE/plugins/com.st.stm32cube.ide.mcu.externaltools.gnu-tools-for-stm32.11.3.rel1.win32_1.1.100.202309141235/tools/bin/../lib/gcc/arm-none-eabi/11.3.1/thumb/v7e-m+fp/hard\libgcc.a(_aeabi_uldivmod.o)
 .ARM.attributes
                0x00000000000005a5       0x34 C:/ST/STM32CubeIDE_1.13.2/STM32CubeIDE/plugins/com.st.stm32cube.ide.mcu.externaltools.gnu-tools-for-stm32.11.3.rel1.win32_1.1.100.202309141235/tools/bin/../lib/gcc/arm-none-eabi/11.3.1/thumb/v7e-m+fp/hard\libgcc.a(_udivmoddi4.o)
 .ARM.attributes
                0x00000000000005d9       0x1e C:/ST/STM32CubeIDE_1.13.2/STM32CubeIDE/plugins/com.st.stm32cube.ide.mcu.externaltools.gnu-tools-for-stm32.11.3.rel1.win32_1.1.100.202309141235/tools/bin/../lib/gcc/arm-none-eabi/11.3.1/thumb/v7e-m+fp/hard\libgcc.a(_dvmd_tls.o)
 .ARM.attributes
                0x00000000000005f7       0x1e C:/ST/STM32CubeIDE_1.13.2/STM32CubeIDE/plugins/com.st.stm32cube.ide.mcu.externaltools.gnu-tools-for-stm32.11.3.rel1.win32_1.1.100.202309141235/tools/bin/../lib/gcc/arm-none-eabi/11.3.1/thumb/v7e-m+fp/hard/crtn.o
OUTPUT(001_UGV_GROUND_STATION.elf elf32-littlearm)
LOAD linker stubs
LOAD C:/ST/STM32CubeIDE_1.13.2/STM32CubeIDE/plugins/com.st.stm32cube.ide.mcu.externaltools.gnu-tools-for-stm32.11.3.rel1.win32_1.1.100.202309141235/tools/bin/../lib/gcc/arm-none-eabi/11.3.1/../../../../arm-none-eabi/lib/thumb/v7e-m+fp/hard\libc.a
LOAD C:/ST/STM32CubeIDE_1.13.2/STM32CubeIDE/plugins/com.st.stm32cube.ide.mcu.externaltools.gnu-tools-for-stm32.11.3.rel1.win32_1.1.100.202309141235/tools/bin/../lib/gcc/arm-none-eabi/11.3.1/../../../../arm-none-eabi/lib/thumb/v7e-m+fp/hard\libm.a
LOAD C:/ST/STM32CubeIDE_1.13.2/STM32CubeIDE/plugins/com.st.stm32cube.ide.mcu.externaltools.gnu-tools-for-stm32.11.3.rel1.win32_1.1.100.202309141235/tools/bin/../lib/gcc/arm-none-eabi/11.3.1/thumb/v7e-m+fp/hard\libgcc.a

.comment        0x0000000000000000       0x43
 .comment       0x0000000000000000       0x43 C:/ST/STM32CubeIDE_1.13.2/STM32CubeIDE/plugins/com.st.stm32cube.ide.mcu.externaltools.gnu-tools-for-stm32.11.3.rel1.win32_1.1.100.202309141235/tools/bin/../lib/gcc/arm-none-eabi/11.3.1/thumb/v7e-m+fp/hard/crtbegin.o
                                         0x44 (size before relaxing)
 .comment       0x0000000000000043       0x44 ./Core/Src/dma.o
 .comment       0x0000000000000043       0x44 ./Core/Src/gpio.o
 .comment       0x0000000000000043       0x44 ./Core/Src/iwdg.o
 .comment       0x0000000000000043       0x44 ./Core/Src/main.o
 .comment       0x0000000000000043       0x44 ./Core/Src/spi.o
 .comment       0x0000000000000043       0x44 ./Core/Src/stm32f3xx_hal_msp.o
 .comment       0x0000000000000043       0x44 ./Core/Src/stm32f3xx_it.o
 .comment       0x0000000000000043       0x44 ./Core/Src/system_stm32f3xx.o
 .comment       0x0000000000000043       0x44 ./Core/Src/usart.o
 .comment       0x0000000000000043       0x44 ./Drivers/STM32F3xx_HAL_Driver/Src/stm32f3xx_hal.o
 .comment       0x0000000000000043       0x44 ./Drivers/STM32F3xx_HAL_Driver/Src/stm32f3xx_hal_cortex.o
 .comment       0x0000000000000043       0x44 ./Drivers/STM32F3xx_HAL_Driver/Src/stm32f3xx_hal_dma.o
 .comment       0x0000000000000043       0x44 ./Drivers/STM32F3xx_HAL_Driver/Src/stm32f3xx_hal_gpio.o
 .comment       0x0000000000000043       0x44 ./Drivers/STM32F3xx_HAL_Driver/Src/stm32f3xx_hal_iwdg.o
 .comment       0x0000000000000043       0x44 ./Drivers/STM32F3xx_HAL_Driver/Src/stm32f3xx_hal_rcc.o
 .comment       0x0000000000000043       0x44 ./Drivers/STM32F3xx_HAL_Driver/Src/stm32f3xx_hal_spi.o
 .comment       0x0000000000000043       0x44 ./Drivers/STM32F3xx_HAL_Driver/Src/stm32f3xx_hal_uart.o
 .comment       0x0000000000000043       0x44 ./Drivers/STM32F3xx_HAL_Driver/Src/stm32f3xx_hal_uart_ex.o
 .comment       0x0000000000000043       0x44 ./UGV/Drivers/SX1278/SX1278.o
 .comment       0x0000000000000043       0x44 ./UGV/Drivers/SX1278/SX1278_hw.o
 .comment       0x0000000000000043       0x44 ./UGV/Drivers/crc/crc15.o
 .comment       0x0000000000000043       0x44 ./UGV/Main/ugvMain.o

.debug_info     0x0000000000000000     0xe676
 .debug_info    0x0000000000000000      0x31d ./Core/Src/dma.o
 .debug_info    0x000000000000031d      0x5f5 ./Core/Src/gpio.o
 .debug_info    0x0000000000000912      0x1d3 ./Core/Src/iwdg.o
 .debug_info    0x0000000000000ae5      0x377 ./Core/Src/main.o
 .debug_info    0x0000000000000e5c      0x839 ./Core/Src/spi.o
 .debug_info    0x0000000000001695      0x1a0 ./Core/Src/stm32f3xx_hal_msp.o
 .debug_info    0x0000000000001835      0x73e ./Core/Src/stm32f3xx_it.o
 .debug_info    0x0000000000001f73      0x407 ./Core/Src/system_stm32f3xx.o
 .debug_info    0x000000000000237a      0xb1f ./Core/Src/usart.o
 .debug_info    0x0000000000002e99       0x23 ./Core/Startup/startup_stm32f334r8tx.o
 .debug_info    0x0000000000002ebc      0x774 ./Drivers/STM32F3xx_HAL_Driver/Src/stm32f3xx_hal.o
 .debug_info    0x0000000000003630      0xab1 ./Drivers/STM32F3xx_HAL_Driver/Src/stm32f3xx_hal_cortex.o
 .debug_info    0x00000000000040e1      0x6e1 ./Drivers/STM32F3xx_HAL_Driver/Src/stm32f3xx_hal_dma.o
 .debug_info    0x00000000000047c2      0x6a6 ./Drivers/STM32F3xx_HAL_Driver/Src/stm32f3xx_hal_gpio.o
 .debug_info    0x0000000000004e68      0x1f7 ./Drivers/STM32F3xx_HAL_Driver/Src/stm32f3xx_hal_iwdg.o
 .debug_info    0x000000000000505f     0x14f1 ./Drivers/STM32F3xx_HAL_Driver/Src/stm32f3xx_hal_rcc.o
 .debug_info    0x0000000000006550     0x160a ./Drivers/STM32F3xx_HAL_Driver/Src/stm32f3xx_hal_spi.o
 .debug_info    0x0000000000007b5a     0x39a8 ./Drivers/STM32F3xx_HAL_Driver/Src/stm32f3xx_hal_uart.o
 .debug_info    0x000000000000b502      0xc92 ./Drivers/STM32F3xx_HAL_Driver/Src/stm32f3xx_hal_uart_ex.o
 .debug_info    0x000000000000c194      0x93d ./UGV/Drivers/SX1278/SX1278.o
 .debug_info    0x000000000000cad1      0x8ba ./UGV/Drivers/SX1278/SX1278_hw.o
 .debug_info    0x000000000000d38b      0x165 ./UGV/Drivers/crc/crc15.o
 .debug_info    0x000000000000d4f0     0x1186 ./UGV/Main/ugvMain.o

.debug_abbrev   0x0000000000000000     0x298d
 .debug_abbrev  0x0000000000000000       0xfc ./Core/Src/dma.o
 .debug_abbrev  0x00000000000000fc      0x1a4 ./Core/Src/gpio.o
 .debug_abbrev  0x00000000000002a0      0x139 ./Core/Src/iwdg.o
 .debug_abbrev  0x00000000000003d9      0x1b0 ./Core/Src/main.o
 .debug_abbrev  0x0000000000000589      0x1f1 ./Core/Src/spi.o
 .debug_abbrev  0x000000000000077a       0xe2 ./Core/Src/stm32f3xx_hal_msp.o
 .debug_abbrev  0x000000000000085c      0x174 ./Core/Src/stm32f3xx_it.o
 .debug_abbrev  0x00000000000009d0      0x11a ./Core/Src/system_stm32f3xx.o
 .debug_abbrev  0x0000000000000aea      0x20f ./Core/Src/usart.o
 .debug_abbrev  0x0000000000000cf9       0x12 ./Core/Startup/startup_stm32f334r8tx.o
 .debug_abbrev  0x0000000000000d0b      0x215 ./Drivers/STM32F3xx_HAL_Driver/Src/stm32f3xx_hal.o
 .debug_abbrev  0x0000000000000f20      0x2f8 ./Drivers/STM32F3xx_HAL_Driver/Src/stm32f3xx_hal_cortex.o
 .debug_abbrev  0x0000000000001218      0x20d ./Drivers/STM32F3xx_HAL_Driver/Src/stm32f3xx_hal_dma.o
 .debug_abbrev  0x0000000000001425      0x1ca ./Drivers/STM32F3xx_HAL_Driver/Src/stm32f3xx_hal_gpio.o
 .debug_abbrev  0x00000000000015ef      0x14d ./Drivers/STM32F3xx_HAL_Driver/Src/stm32f3xx_hal_iwdg.o
 .debug_abbrev  0x000000000000173c      0x300 ./Drivers/STM32F3xx_HAL_Driver/Src/stm32f3xx_hal_rcc.o
 .debug_abbrev  0x0000000000001a3c      0x269 ./Drivers/STM32F3xx_HAL_Driver/Src/stm32f3xx_hal_spi.o
 .debug_abbrev  0x0000000000001ca5      0x2d1 ./Drivers/STM32F3xx_HAL_Driver/Src/stm32f3xx_hal_uart.o
 .debug_abbrev  0x0000000000001f76      0x2bf ./Drivers/STM32F3xx_HAL_Driver/Src/stm32f3xx_hal_uart_ex.o
 .debug_abbrev  0x0000000000002235      0x200 ./UGV/Drivers/SX1278/SX1278.o
 .debug_abbrev  0x0000000000002435      0x1d6 ./UGV/Drivers/SX1278/SX1278_hw.o
 .debug_abbrev  0x000000000000260b       0xe3 ./UGV/Drivers/crc/crc15.o
 .debug_abbrev  0x00000000000026ee      0x29f ./UGV/Main/ugvMain.o

.debug_aranges  0x0000000000000000      0xb30
 .debug_aranges
                0x0000000000000000       0x20 ./Core/Src/dma.o
 .debug_aranges
                0x0000000000000020       0x28 ./Core/Src/gpio.o
 .debug_aranges
                0x0000000000000048       0x20 ./Core/Src/iwdg.o
 .debug_aranges
                0x0000000000000068       0x30 ./Core/Src/main.o
 .debug_aranges
                0x0000000000000098       0x30 ./Core/Src/spi.o
 .debug_aranges
                0x00000000000000c8       0x20 ./Core/Src/stm32f3xx_hal_msp.o
 .debug_aranges
                0x00000000000000e8       0x78 ./Core/Src/stm32f3xx_it.o
 .debug_aranges
                0x0000000000000160       0x28 ./Core/Src/system_stm32f3xx.o
 .debug_aranges
                0x0000000000000188       0x30 ./Core/Src/usart.o
 .debug_aranges
                0x00000000000001b8       0x28 ./Core/Startup/startup_stm32f334r8tx.o
 .debug_aranges
                0x00000000000001e0       0xe0 ./Drivers/STM32F3xx_HAL_Driver/Src/stm32f3xx_hal.o
 .debug_aranges
                0x00000000000002c0      0x100 ./Drivers/STM32F3xx_HAL_Driver/Src/stm32f3xx_hal_cortex.o
 .debug_aranges
                0x00000000000003c0       0x88 ./Drivers/STM32F3xx_HAL_Driver/Src/stm32f3xx_hal_dma.o
 .debug_aranges
                0x0000000000000448       0x58 ./Drivers/STM32F3xx_HAL_Driver/Src/stm32f3xx_hal_gpio.o
 .debug_aranges
                0x00000000000004a0       0x28 ./Drivers/STM32F3xx_HAL_Driver/Src/stm32f3xx_hal_iwdg.o
 .debug_aranges
                0x00000000000004c8       0x88 ./Drivers/STM32F3xx_HAL_Driver/Src/stm32f3xx_hal_rcc.o
 .debug_aranges
                0x0000000000000550      0x1d8 ./Drivers/STM32F3xx_HAL_Driver/Src/stm32f3xx_hal_spi.o
 .debug_aranges
                0x0000000000000728      0x228 ./Drivers/STM32F3xx_HAL_Driver/Src/stm32f3xx_hal_uart.o
 .debug_aranges
                0x0000000000000950       0x70 ./Drivers/STM32F3xx_HAL_Driver/Src/stm32f3xx_hal_uart_ex.o
 .debug_aranges
                0x00000000000009c0       0xb8 ./UGV/Drivers/SX1278/SX1278.o
 .debug_aranges
                0x0000000000000a78       0x50 ./UGV/Drivers/SX1278/SX1278_hw.o
 .debug_aranges
                0x0000000000000ac8       0x28 ./UGV/Drivers/crc/crc15.o
 .debug_aranges
                0x0000000000000af0       0x40 ./UGV/Main/ugvMain.o

.debug_rnglists
                0x0000000000000000      0x86e
 .debug_rnglists
                0x0000000000000000       0x13 ./Core/Src/dma.o
 .debug_rnglists
                0x0000000000000013       0x1a ./Core/Src/gpio.o
 .debug_rnglists
                0x000000000000002d       0x13 ./Core/Src/iwdg.o
 .debug_rnglists
                0x0000000000000040       0x20 ./Core/Src/main.o
 .debug_rnglists
                0x0000000000000060       0x20 ./Core/Src/spi.o
 .debug_rnglists
                0x0000000000000080       0x13 ./Core/Src/stm32f3xx_hal_msp.o
 .debug_rnglists
                0x0000000000000093       0x55 ./Core/Src/stm32f3xx_it.o
 .debug_rnglists
                0x00000000000000e8       0x1a ./Core/Src/system_stm32f3xx.o
 .debug_rnglists
                0x0000000000000102       0x20 ./Core/Src/usart.o
 .debug_rnglists
                0x0000000000000122       0x19 ./Core/Startup/startup_stm32f334r8tx.o
 .debug_rnglists
                0x000000000000013b       0xa3 ./Drivers/STM32F3xx_HAL_Driver/Src/stm32f3xx_hal.o
 .debug_rnglists
                0x00000000000001de       0xbb ./Drivers/STM32F3xx_HAL_Driver/Src/stm32f3xx_hal_cortex.o
 .debug_rnglists
                0x0000000000000299       0x69 ./Drivers/STM32F3xx_HAL_Driver/Src/stm32f3xx_hal_dma.o
 .debug_rnglists
                0x0000000000000302       0x3f ./Drivers/STM32F3xx_HAL_Driver/Src/stm32f3xx_hal_gpio.o
 .debug_rnglists
                0x0000000000000341       0x1a ./Drivers/STM32F3xx_HAL_Driver/Src/stm32f3xx_hal_iwdg.o
 .debug_rnglists
                0x000000000000035b       0x66 ./Drivers/STM32F3xx_HAL_Driver/Src/stm32f3xx_hal_rcc.o
 .debug_rnglists
                0x00000000000003c1      0x178 ./Drivers/STM32F3xx_HAL_Driver/Src/stm32f3xx_hal_spi.o
 .debug_rnglists
                0x0000000000000539      0x1da ./Drivers/STM32F3xx_HAL_Driver/Src/stm32f3xx_hal_uart.o
 .debug_rnglists
                0x0000000000000713       0x54 ./Drivers/STM32F3xx_HAL_Driver/Src/stm32f3xx_hal_uart_ex.o
 .debug_rnglists
                0x0000000000000767       0x89 ./UGV/Drivers/SX1278/SX1278.o
 .debug_rnglists
                0x00000000000007f0       0x37 ./UGV/Drivers/SX1278/SX1278_hw.o
 .debug_rnglists
                0x0000000000000827       0x19 ./UGV/Drivers/crc/crc15.o
 .debug_rnglists
                0x0000000000000840       0x2e ./UGV/Main/ugvMain.o

.debug_macro    0x0000000000000000    0x206a1
 .debug_macro   0x0000000000000000      0x1ea ./Core/Src/dma.o
 .debug_macro   0x00000000000001ea      0xaa8 ./Core/Src/dma.o
 .debug_macro   0x0000000000000c92      0x15d ./Core/Src/dma.o
 .debug_macro   0x0000000000000def       0x2e ./Core/Src/dma.o
 .debug_macro   0x0000000000000e1d       0x28 ./Core/Src/dma.o
 .debug_macro   0x0000000000000e45       0x22 ./Core/Src/dma.o
 .debug_macro   0x0000000000000e67       0x8e ./Core/Src/dma.o
 .debug_macro   0x0000000000000ef5       0x51 ./Core/Src/dma.o
 .debug_macro   0x0000000000000f46      0x103 ./Core/Src/dma.o
 .debug_macro   0x0000000000001049       0x6a ./Core/Src/dma.o
 .debug_macro   0x00000000000010b3      0x1df ./Core/Src/dma.o
 .debug_macro   0x0000000000001292       0x1c ./Core/Src/dma.o
 .debug_macro   0x00000000000012ae       0x22 ./Core/Src/dma.o
 .debug_macro   0x00000000000012d0       0xd9 ./Core/Src/dma.o
 .debug_macro   0x00000000000013a9      0xf07 ./Core/Src/dma.o
 .debug_macro   0x00000000000022b0    0x1585b ./Core/Src/dma.o
 .debug_macro   0x0000000000017b0b       0x6d ./Core/Src/dma.o
 .debug_macro   0x0000000000017b78     0x3558 ./Core/Src/dma.o
 .debug_macro   0x000000000001b0d0      0x174 ./Core/Src/dma.o
 .debug_macro   0x000000000001b244       0x55 ./Core/Src/dma.o
 .debug_macro   0x000000000001b299      0x8f8 ./Core/Src/dma.o
 .debug_macro   0x000000000001bb91      0x358 ./Core/Src/dma.o
 .debug_macro   0x000000000001bee9      0x1b5 ./Core/Src/dma.o
 .debug_macro   0x000000000001c09e      0x130 ./Core/Src/dma.o
 .debug_macro   0x000000000001c1ce      0x1d5 ./Core/Src/dma.o
 .debug_macro   0x000000000001c3a3      0x1bc ./Core/Src/dma.o
 .debug_macro   0x000000000001c55f       0x34 ./Core/Src/dma.o
 .debug_macro   0x000000000001c593       0x3c ./Core/Src/dma.o
 .debug_macro   0x000000000001c5cf       0x57 ./Core/Src/dma.o
 .debug_macro   0x000000000001c626       0xc5 ./Core/Src/dma.o
 .debug_macro   0x000000000001c6eb      0x19f ./Core/Src/dma.o
 .debug_macro   0x000000000001c88a      0x22c ./Core/Src/dma.o
 .debug_macro   0x000000000001cab6       0x5b ./Core/Src/dma.o
 .debug_macro   0x000000000001cb11       0xa5 ./Core/Src/dma.o
 .debug_macro   0x000000000001cbb6       0x85 ./Core/Src/dma.o
 .debug_macro   0x000000000001cc3b       0x81 ./Core/Src/dma.o
 .debug_macro   0x000000000001ccbc       0xd3 ./Core/Src/dma.o
 .debug_macro   0x000000000001cd8f      0x2fe ./Core/Src/dma.o
 .debug_macro   0x000000000001d08d      0x5ba ./Core/Src/dma.o
 .debug_macro   0x000000000001d647       0x44 ./Core/Src/dma.o
 .debug_macro   0x000000000001d68b      0x2a1 ./Core/Src/dma.o
 .debug_macro   0x000000000001d92c       0x82 ./Core/Src/dma.o
 .debug_macro   0x000000000001d9ae      0x24a ./Core/Src/gpio.o
 .debug_macro   0x000000000001dbf8       0x22 ./Core/Src/gpio.o
 .debug_macro   0x000000000001dc1a      0x38a ./Core/Src/gpio.o
 .debug_macro   0x000000000001dfa4       0x10 ./Core/Src/gpio.o
 .debug_macro   0x000000000001dfb4       0x22 ./Core/Src/gpio.o
 .debug_macro   0x000000000001dfd6      0x1ea ./Core/Src/iwdg.o
 .debug_macro   0x000000000001e1c0      0x254 ./Core/Src/main.o
 .debug_macro   0x000000000001e414      0x1ea ./Core/Src/spi.o
 .debug_macro   0x000000000001e5fe      0x1e0 ./Core/Src/stm32f3xx_hal_msp.o
 .debug_macro   0x000000000001e7de      0x1ea ./Core/Src/stm32f3xx_it.o
 .debug_macro   0x000000000001e9c8      0x1d1 ./Core/Src/system_stm32f3xx.o
 .debug_macro   0x000000000001eb99      0x1ea ./Core/Src/usart.o
 .debug_macro   0x000000000001ed83      0x1f5 ./Drivers/STM32F3xx_HAL_Driver/Src/stm32f3xx_hal.o
 .debug_macro   0x000000000001ef78      0x1d1 ./Drivers/STM32F3xx_HAL_Driver/Src/stm32f3xx_hal_cortex.o
 .debug_macro   0x000000000001f149      0x1d1 ./Drivers/STM32F3xx_HAL_Driver/Src/stm32f3xx_hal_dma.o
 .debug_macro   0x000000000001f31a      0x1d8 ./Drivers/STM32F3xx_HAL_Driver/Src/stm32f3xx_hal_gpio.o
 .debug_macro   0x000000000001f4f2      0x1df ./Drivers/STM32F3xx_HAL_Driver/Src/stm32f3xx_hal_iwdg.o
 .debug_macro   0x000000000001f6d1      0x1f5 ./Drivers/STM32F3xx_HAL_Driver/Src/stm32f3xx_hal_rcc.o
 .debug_macro   0x000000000001f8c6      0x1d9 ./Drivers/STM32F3xx_HAL_Driver/Src/stm32f3xx_hal_spi.o
 .debug_macro   0x000000000001fa9f      0x1ee ./Drivers/STM32F3xx_HAL_Driver/Src/stm32f3xx_hal_uart.o
 .debug_macro   0x000000000001fc8d      0x1d1 ./Drivers/STM32F3xx_HAL_Driver/Src/stm32f3xx_hal_uart_ex.o
 .debug_macro   0x000000000001fe5e      0x158 ./UGV/Drivers/SX1278/SX1278.o
 .debug_macro   0x000000000001ffb6       0x61 ./UGV/Drivers/SX1278/SX1278.o
 .debug_macro   0x0000000000020017       0x10 ./UGV/Drivers/SX1278/SX1278.o
 .debug_macro   0x0000000000020027       0x20 ./UGV/Drivers/SX1278/SX1278.o
 .debug_macro   0x0000000000020047      0x2cc ./UGV/Drivers/SX1278/SX1278_hw.o
 .debug_macro   0x0000000000020313       0x4f ./UGV/Drivers/SX1278/SX1278_hw.o
 .debug_macro   0x0000000000020362       0x73 ./UGV/Drivers/crc/crc15.o
 .debug_macro   0x00000000000203d5      0x244 ./UGV/Main/ugvMain.o
 .debug_macro   0x0000000000020619       0x88 ./UGV/Main/ugvMain.o

.debug_line     0x0000000000000000    0x114b5
 .debug_line    0x0000000000000000      0x77e ./Core/Src/dma.o
 .debug_line    0x000000000000077e      0x942 ./Core/Src/gpio.o
 .debug_line    0x00000000000010c0      0x790 ./Core/Src/iwdg.o
 .debug_line    0x0000000000001850      0x97d ./Core/Src/main.o
 .debug_line    0x00000000000021cd      0x7fb ./Core/Src/spi.o
 .debug_line    0x00000000000029c8      0x784 ./Core/Src/stm32f3xx_hal_msp.o
 .debug_line    0x000000000000314c      0x88d ./Core/Src/stm32f3xx_it.o
 .debug_line    0x00000000000039d9      0x7f9 ./Core/Src/system_stm32f3xx.o
 .debug_line    0x00000000000041d2      0x818 ./Core/Src/usart.o
 .debug_line    0x00000000000049ea       0x7a ./Core/Startup/startup_stm32f334r8tx.o
 .debug_line    0x0000000000004a64      0xa2e ./Drivers/STM32F3xx_HAL_Driver/Src/stm32f3xx_hal.o
 .debug_line    0x0000000000005492      0xc16 ./Drivers/STM32F3xx_HAL_Driver/Src/stm32f3xx_hal_cortex.o
 .debug_line    0x00000000000060a8      0xd1c ./Drivers/STM32F3xx_HAL_Driver/Src/stm32f3xx_hal_dma.o
 .debug_line    0x0000000000006dc4      0xb79 ./Drivers/STM32F3xx_HAL_Driver/Src/stm32f3xx_hal_gpio.o
 .debug_line    0x000000000000793d      0x80e ./Drivers/STM32F3xx_HAL_Driver/Src/stm32f3xx_hal_iwdg.o
 .debug_line    0x000000000000814b     0x1408 ./Drivers/STM32F3xx_HAL_Driver/Src/stm32f3xx_hal_rcc.o
 .debug_line    0x0000000000009553     0x1f9e ./Drivers/STM32F3xx_HAL_Driver/Src/stm32f3xx_hal_spi.o
 .debug_line    0x000000000000b4f1     0x30f2 ./Drivers/STM32F3xx_HAL_Driver/Src/stm32f3xx_hal_uart.o
 .debug_line    0x000000000000e5e3      0xba5 ./Drivers/STM32F3xx_HAL_Driver/Src/stm32f3xx_hal_uart_ex.o
 .debug_line    0x000000000000f188      0x999 ./UGV/Drivers/SX1278/SX1278.o
 .debug_line    0x000000000000fb21      0xa01 ./UGV/Drivers/SX1278/SX1278_hw.o
 .debug_line    0x0000000000010522      0x4de ./UGV/Drivers/crc/crc15.o
 .debug_line    0x0000000000010a00      0xab5 ./UGV/Main/ugvMain.o

.debug_str      0x0000000000000000    0xbc6e3
 .debug_str     0x0000000000000000    0xb5abb ./Core/Src/dma.o
                                      0xb5dff (size before relaxing)
 .debug_str     0x00000000000b5abb      0xdab ./Core/Src/gpio.o
                                      0xb6bbd (size before relaxing)
 .debug_str     0x00000000000b6866       0xc0 ./Core/Src/iwdg.o
                                      0xb5ad0 (size before relaxing)
 .debug_str     0x00000000000b6926      0x1a1 ./Core/Src/main.o
                                      0xb68d2 (size before relaxing)
 .debug_str     0x00000000000b6ac7      0x3be ./Core/Src/spi.o
                                      0xb5f63 (size before relaxing)
 .debug_str     0x00000000000b6e85       0x49 ./Core/Src/stm32f3xx_hal_msp.o
                                      0xb5a91 (size before relaxing)
 .debug_str     0x00000000000b6ece      0x316 ./Core/Src/stm32f3xx_it.o
                                      0xb5f83 (size before relaxing)
 .debug_str     0x00000000000b71e4       0xe9 ./Core/Src/system_stm32f3xx.o
                                      0xb5962 (size before relaxing)
 .debug_str     0x00000000000b72cd       0x81 ./Core/Src/usart.o
                                      0xb6394 (size before relaxing)
 .debug_str     0x00000000000b734e       0x34 ./Core/Startup/startup_stm32f334r8tx.o
                                         0x87 (size before relaxing)
 .debug_str     0x00000000000b7382      0x37a ./Drivers/STM32F3xx_HAL_Driver/Src/stm32f3xx_hal.o
                                      0xb60ca (size before relaxing)
 .debug_str     0x00000000000b76fc      0x236 ./Drivers/STM32F3xx_HAL_Driver/Src/stm32f3xx_hal_cortex.o
                                      0xb5fef (size before relaxing)
 .debug_str     0x00000000000b7932      0x21e ./Drivers/STM32F3xx_HAL_Driver/Src/stm32f3xx_hal_dma.o
                                      0xb5caa (size before relaxing)
 .debug_str     0x00000000000b7b50      0x146 ./Drivers/STM32F3xx_HAL_Driver/Src/stm32f3xx_hal_gpio.o
                                      0xb5b41 (size before relaxing)
 .debug_str     0x00000000000b7c96       0xf3 ./Drivers/STM32F3xx_HAL_Driver/Src/stm32f3xx_hal_iwdg.o
                                      0xb59c5 (size before relaxing)
 .debug_str     0x00000000000b7d89      0x2d1 ./Drivers/STM32F3xx_HAL_Driver/Src/stm32f3xx_hal_rcc.o
                                      0xb5e02 (size before relaxing)
 .debug_str     0x00000000000b805a      0x588 ./Drivers/STM32F3xx_HAL_Driver/Src/stm32f3xx_hal_spi.o
                                      0xb627a (size before relaxing)
 .debug_str     0x00000000000b85e2      0x844 ./Drivers/STM32F3xx_HAL_Driver/Src/stm32f3xx_hal_uart.o
                                      0xb6685 (size before relaxing)
 .debug_str     0x00000000000b8e26      0x1b8 ./Drivers/STM32F3xx_HAL_Driver/Src/stm32f3xx_hal_uart_ex.o
                                      0xb5f8a (size before relaxing)
 .debug_str     0x00000000000b8fde     0x3434 ./UGV/Drivers/SX1278/SX1278.o
                                       0x80a2 (size before relaxing)
 .debug_str     0x00000000000bc412       0x35 ./UGV/Drivers/SX1278/SX1278_hw.o
                                      0xb9136 (size before relaxing)
 .debug_str     0x00000000000bc447       0x52 ./UGV/Drivers/crc/crc15.o
                                       0x3d84 (size before relaxing)
 .debug_str     0x00000000000bc499      0x24a ./UGV/Main/ugvMain.o
                                      0xb7111 (size before relaxing)

.debug_frame    0x0000000000000000     0x2b00
 .debug_frame   0x0000000000000000       0x34 ./Core/Src/dma.o
 .debug_frame   0x0000000000000034       0x58 ./Core/Src/gpio.o
 .debug_frame   0x000000000000008c       0x2c ./Core/Src/iwdg.o
 .debug_frame   0x00000000000000b8       0x68 ./Core/Src/main.o
 .debug_frame   0x0000000000000120       0x74 ./Core/Src/spi.o
 .debug_frame   0x0000000000000194       0x34 ./Core/Src/stm32f3xx_hal_msp.o
 .debug_frame   0x00000000000001c8      0x158 ./Core/Src/stm32f3xx_it.o
 .debug_frame   0x0000000000000320       0x58 ./Core/Src/system_stm32f3xx.o
 .debug_frame   0x0000000000000378       0x74 ./Core/Src/usart.o
 .debug_frame   0x00000000000003ec      0x334 ./Drivers/STM32F3xx_HAL_Driver/Src/stm32f3xx_hal.o
 .debug_frame   0x0000000000000720      0x428 ./Drivers/STM32F3xx_HAL_Driver/Src/stm32f3xx_hal_cortex.o
 .debug_frame   0x0000000000000b48      0x224 ./Drivers/STM32F3xx_HAL_Driver/Src/stm32f3xx_hal_dma.o
 .debug_frame   0x0000000000000d6c      0x14c ./Drivers/STM32F3xx_HAL_Driver/Src/stm32f3xx_hal_gpio.o
 .debug_frame   0x0000000000000eb8       0x5c ./Drivers/STM32F3xx_HAL_Driver/Src/stm32f3xx_hal_iwdg.o
 .debug_frame   0x0000000000000f14      0x214 ./Drivers/STM32F3xx_HAL_Driver/Src/stm32f3xx_hal_rcc.o
 .debug_frame   0x0000000000001128      0x860 ./Drivers/STM32F3xx_HAL_Driver/Src/stm32f3xx_hal_spi.o
 .debug_frame   0x0000000000001988      0x9e8 ./Drivers/STM32F3xx_HAL_Driver/Src/stm32f3xx_hal_uart.o
 .debug_frame   0x0000000000002370      0x1b4 ./Drivers/STM32F3xx_HAL_Driver/Src/stm32f3xx_hal_uart_ex.o
 .debug_frame   0x0000000000002524      0x2e4 ./UGV/Drivers/SX1278/SX1278.o
 .debug_frame   0x0000000000002808      0x10c ./UGV/Drivers/SX1278/SX1278_hw.o
 .debug_frame   0x0000000000002914       0x60 ./UGV/Drivers/crc/crc15.o
 .debug_frame   0x0000000000002974       0xb8 ./UGV/Main/ugvMain.o
 .debug_frame   0x0000000000002a2c       0x20 C:/ST/STM32CubeIDE_1.13.2/STM32CubeIDE/plugins/com.st.stm32cube.ide.mcu.externaltools.gnu-tools-for-stm32.11.3.rel1.win32_1.1.100.202309141235/tools/bin/../lib/gcc/arm-none-eabi/11.3.1/../../../../arm-none-eabi/lib/thumb/v7e-m+fp/hard\libc_nano.a(libc_a-memset.o)
 .debug_frame   0x0000000000002a4c       0x2c C:/ST/STM32CubeIDE_1.13.2/STM32CubeIDE/plugins/com.st.stm32cube.ide.mcu.externaltools.gnu-tools-for-stm32.11.3.rel1.win32_1.1.100.202309141235/tools/bin/../lib/gcc/arm-none-eabi/11.3.1/../../../../arm-none-eabi/lib/thumb/v7e-m+fp/hard\libc_nano.a(libc_a-init.o)
 .debug_frame   0x0000000000002a78       0x28 C:/ST/STM32CubeIDE_1.13.2/STM32CubeIDE/plugins/com.st.stm32cube.ide.mcu.externaltools.gnu-tools-for-stm32.11.3.rel1.win32_1.1.100.202309141235/tools/bin/../lib/gcc/arm-none-eabi/11.3.1/../../../../arm-none-eabi/lib/thumb/v7e-m+fp/hard\libc_nano.a(libc_a-memcpy-stub.o)
 .debug_frame   0x0000000000002aa0       0x2c C:/ST/STM32CubeIDE_1.13.2/STM32CubeIDE/plugins/com.st.stm32cube.ide.mcu.externaltools.gnu-tools-for-stm32.11.3.rel1.win32_1.1.100.202309141235/tools/bin/../lib/gcc/arm-none-eabi/11.3.1/thumb/v7e-m+fp/hard\libgcc.a(_aeabi_uldivmod.o)
 .debug_frame   0x0000000000002acc       0x34 C:/ST/STM32CubeIDE_1.13.2/STM32CubeIDE/plugins/com.st.stm32cube.ide.mcu.externaltools.gnu-tools-for-stm32.11.3.rel1.win32_1.1.100.202309141235/tools/bin/../lib/gcc/arm-none-eabi/11.3.1/thumb/v7e-m+fp/hard\libgcc.a(_udivmoddi4.o)

.debug_line_str
                0x0000000000000000       0x7b
 .debug_line_str
                0x0000000000000000       0x7b ./Core/Startup/startup_stm32f334r8tx.o
                                         0x93 (size before relaxing)
